<testsuites name="results">
  <testsuite name="all" package="all">
    <property name="random_seed" value="1729838025" />
    <testcase name="test_macUnit_integer" classname="test_macUnit" file="/home/shakti/Executeprograms/bluespec_demo_examples/git-ws/projectWork/macunit_verif/test_macUnit.py" lineno="32" time="4.246880769729614" sim_time_ns="52505000.001" ratio_time="12363191.445175145" />
    <testcase name="test_macUnit_float" classname="test_macUnit" file="/home/shakti/Executeprograms/bluespec_demo_examples/git-ws/projectWork/macunit_verif/test_macUnit.py" lineno="67" time="4.101653099060059" sim_time_ns="50005000.001" ratio_time="12191425.94298363">
      <failure />
    </testcase>
  </testsuite>
</testsuites>
